// Jest Snapshot v1, https://goo.gl/fbAQLP

exports[`App controls the root NextJS app 1`] = `
<DocumentFragment>
  <div
    data-testid="apollo-wrapper"
  >
    <main
      class="p-sm-4 container-fluid"
    >
      <div
        class="row"
      >
        <div
          class="col"
        >
          <div
            data-testid="mock-component"
          >
            Ok!
          </div>
        </div>
      </div>
    </main>
  </div>
</DocumentFragment>
`;
