// Jest Snapshot v1, https://goo.gl/fbAQLP

exports[`LayoutWrapper creates layout wrapper 1`] = `
<DocumentFragment>
  <main
    class="container-fluid"
  >
    <div
      class="row"
    >
      <div
        class="col"
      >
        <div />
      </div>
    </div>
  </main>
</DocumentFragment>
`;
